=== apt-get update ===
Get:1 https://download.docker.com/linux/ubuntu noble InRelease [48.5 kB]
Hit:2 http://archive.ubuntu.com/ubuntu noble InRelease
Get:3 http://security.ubuntu.com/ubuntu noble-security InRelease [126 kB]
Get:4 https://download.docker.com/linux/ubuntu noble/stable amd64 Packages [80.7 kB]
Get:5 http://archive.ubuntu.com/ubuntu noble-updates InRelease [126 kB]
Get:6 https://ppa.launchpadcontent.net/deadsnakes/ppa/ubuntu noble InRelease [17.8 kB]
Get:7 http://archive.ubuntu.com/ubuntu noble-backports InRelease [126 kB]
Get:8 https://ppa.launchpadcontent.net/ondrej/php/ubuntu noble InRelease [24.3 kB]
Get:9 http://archive.ubuntu.com/ubuntu noble-updates/universe amd64 Packages [2160 kB]
Get:10 http://security.ubuntu.com/ubuntu noble-security/main amd64 Packages [1299 kB]
Get:11 https://ppa.launchpadcontent.net/deadsnakes/ppa/ubuntu noble/main amd64 Packages [52.1 kB]
Get:12 https://ppa.launchpadcontent.net/ondrej/php/ubuntu noble/main amd64 Packages [315 kB]
Get:13 http://archive.ubuntu.com/ubuntu noble-updates/multiverse amd64 Packages [56.2 kB]
Get:14 http://security.ubuntu.com/ubuntu noble-security/universe amd64 Packages [1547 kB]
Get:15 http://archive.ubuntu.com/ubuntu noble-updates/restricted amd64 Packages [2048 kB]
Get:16 http://archive.ubuntu.com/ubuntu noble-updates/main amd64 Packages [1633 kB]
Get:17 http://security.ubuntu.com/ubuntu noble-security/restricted amd64 Packages [1905 kB]
Get:18 http://archive.ubuntu.com/ubuntu noble-backports/main amd64 Packages [49.0 kB]
Get:19 http://security.ubuntu.com/ubuntu noble-security/multiverse amd64 Packages [50.0 kB]
Get:20 http://archive.ubuntu.com/ubuntu noble-backports/multiverse amd64 Packages [671 B]
Get:21 http://archive.ubuntu.com/ubuntu noble-backports/universe amd64 Packages [36.0 kB]
Fetched 11.7 MB in 2s (5156 kB/s)
Reading package lists...

=== install ===
Reading package lists...
Building dependency tree...
Reading state information...
The following additional packages will be installed:
  fonts-lmodern libkpathsea6 libpaper-utils libpaper1 libpoppler134
  libpotrace0 libptexenc1 libsynctex2 libteckit0 libtexlua53-5 libzzip-0-13t64
  t1utils tex-common texlive-base texlive-binaries xdg-utils
Suggested packages:
  debhelper ghostscript gv | postscript-viewer perl-tk xpdf | pdf-viewer xzdec
  texlive-binaries-sse2 hintview texlive-fonts-recommended-doc
  texlive-latex-base-doc wp2latex texlive-latex-recommended-doc texlive-luatex
  texlive-pstricks dot2tex prerex texlive-latex-extra texlive-pictures-doc
  vprerex
Recommended packages:
  poppler-data lmodern dvisvgm tex-gyre tipa ruby tk libfile-mimeinfo-perl
  libnet-dbus-perl libx11-protocol-perl x11-utils x11-xserver-utils
The following NEW packages will be installed:
  fonts-lmodern libkpathsea6 libpaper-utils libpaper1 libpotrace0 libptexenc1
  libsynctex2 libteckit0 libtexlua53-5 libzzip-0-13t64 poppler-utils t1utils
  tex-common texlive-base texlive-binaries texlive-fonts-recommended
  texlive-latex-base texlive-latex-recommended texlive-pictures xdg-utils
The following packages will be upgraded:
  libpoppler134
1 upgraded, 20 newly installed, 0 to remove and 238 not upgraded.
Need to get 69.1 MB of archives.
After this operation, 234 MB of additional disk space will be used.
Get:1 http://archive.ubuntu.com/ubuntu noble/universe amd64 fonts-lmodern all 2.005-1 [4799 kB]
Get:2 http://archive.ubuntu.com/ubuntu noble/main amd64 libkpathsea6 amd64 2023.20230311.66589-9build3 [63.0 kB]
Get:3 http://archive.ubuntu.com/ubuntu noble/main amd64 libpaper1 amd64 1.1.29build1 [13.4 kB]
Get:4 http://archive.ubuntu.com/ubuntu noble/main amd64 libpaper-utils amd64 1.1.29build1 [8650 B]
Get:5 http://archive.ubuntu.com/ubuntu noble-updates/main amd64 libpoppler134 amd64 24.02.0-1ubuntu9.9 [1118 kB]
Get:6 http://archive.ubuntu.com/ubuntu noble/universe amd64 libpotrace0 amd64 1.16-2build1 [17.7 kB]
Get:7 http://archive.ubuntu.com/ubuntu noble/main amd64 libptexenc1 amd64 2023.20230311.66589-9build3 [40.4 kB]
Get:8 http://archive.ubuntu.com/ubuntu noble/main amd64 libsynctex2 amd64 2023.20230311.66589-9build3 [59.6 kB]
Get:9 http://archive.ubuntu.com/ubuntu noble/universe amd64 libteckit0 amd64 2.5.12+ds1-1 [411 kB]
Get:10 http://archive.ubuntu.com/ubuntu noble/main amd64 libtexlua53-5 amd64 2023.20230311.66589-9build3 [123 kB]
Get:11 http://archive.ubuntu.com/ubuntu noble/universe amd64 libzzip-0-13t64 amd64 0.13.72+dfsg.1-1.2build1 [28.1 kB]
Get:12 http://archive.ubuntu.com/ubuntu noble-updates/main amd64 poppler-utils amd64 24.02.0-1ubuntu9.9 [212 kB]
Get:13 http://archive.ubuntu.com/ubuntu noble/main amd64 t1utils amd64 1.41-4build3 [61.3 kB]
Get:14 http://archive.ubuntu.com/ubuntu noble/universe amd64 tex-common all 6.18 [32.8 kB]
Get:15 http://archive.ubuntu.com/ubuntu noble/universe amd64 texlive-binaries amd64 2023.20230311.66589-9build3 [8529 kB]
Get:16 http://archive.ubuntu.com/ubuntu noble/main amd64 xdg-utils all 1.1.3-4.1ubuntu3 [62.0 kB]
Get:17 http://archive.ubuntu.com/ubuntu noble/universe amd64 texlive-base all 2023.20240207-1 [21.7 MB]
Get:18 http://archive.ubuntu.com/ubuntu noble/universe amd64 texlive-fonts-recommended all 2023.20240207-1 [4973 kB]
Get:19 http://archive.ubuntu.com/ubuntu noble/universe amd64 texlive-latex-base all 2023.20240207-1 [1238 kB]
Get:20 http://archive.ubuntu.com/ubuntu noble/universe amd64 texlive-latex-recommended all 2023.20240207-1 [8826 kB]
Get:21 http://archive.ubuntu.com/ubuntu noble/universe amd64 texlive-pictures all 2023.20240207-1 [16.7 MB]
Fetched 69.1 MB in 2s (29.2 MB/s)
Selecting previously unselected package fonts-lmodern.
(Reading database ... 
(Reading database ... 5%
(Reading database ... 10%
(Reading database ... 15%
(Reading database ... 20%
(Reading database ... 25%
(Reading database ... 30%
(Reading database ... 35%
(Reading database ... 40%
(Reading database ... 45%
(Reading database ... 50%
(Reading database ... 55%
(Reading database ... 60%
(Reading database ... 65%
(Reading database ... 70%
(Reading database ... 75%
(Reading database ... 80%
(Reading database ... 85%
(Reading database ... 90%
(Reading database ... 95%
(Reading database ... 100%
(Reading database ... 54237 files and directories currently installed.)
Preparing to unpack .../00-fonts-lmodern_2.005-1_all.deb ...
Unpacking fonts-lmodern (2.005-1) ...
Selecting previously unselected package libkpathsea6:amd64.
Preparing to unpack .../01-libkpathsea6_2023.20230311.66589-9build3_amd64.deb ...
Unpacking libkpathsea6:amd64 (2023.20230311.66589-9build3) ...
Selecting previously unselected package libpaper1:amd64.
Preparing to unpack .../02-libpaper1_1.1.29build1_amd64.deb ...
Unpacking libpaper1:amd64 (1.1.29build1) ...
Selecting previously unselected package libpaper-utils.
Preparing to unpack .../03-libpaper-utils_1.1.29build1_amd64.deb ...
Unpacking libpaper-utils (1.1.29build1) ...
Preparing to unpack .../04-libpoppler134_24.02.0-1ubuntu9.9_amd64.deb ...
Unpacking libpoppler134:amd64 (24.02.0-1ubuntu9.9) over (24.02.0-1ubuntu9.8) ...
Selecting previously unselected package libpotrace0:amd64.
Preparing to unpack .../05-libpotrace0_1.16-2build1_amd64.deb ...
Unpacking libpotrace0:amd64 (1.16-2build1) ...
Selecting previously unselected package libptexenc1:amd64.
Preparing to unpack .../06-libptexenc1_2023.20230311.66589-9build3_amd64.deb ...
Unpacking libptexenc1:amd64 (2023.20230311.66589-9build3) ...
Selecting previously unselected package libsynctex2:amd64.
Preparing to unpack .../07-libsynctex2_2023.20230311.66589-9build3_amd64.deb ...
Unpacking libsynctex2:amd64 (2023.20230311.66589-9build3) ...
Selecting previously unselected package libteckit0:amd64.
Preparing to unpack .../08-libteckit0_2.5.12+ds1-1_amd64.deb ...
Unpacking libteckit0:amd64 (2.5.12+ds1-1) ...
Selecting previously unselected package libtexlua53-5:amd64.
Preparing to unpack .../09-libtexlua53-5_2023.20230311.66589-9build3_amd64.deb ...
Unpacking libtexlua53-5:amd64 (2023.20230311.66589-9build3) ...
Selecting previously unselected package libzzip-0-13t64:amd64.
Preparing to unpack .../10-libzzip-0-13t64_0.13.72+dfsg.1-1.2build1_amd64.deb ...
Unpacking libzzip-0-13t64:amd64 (0.13.72+dfsg.1-1.2build1) ...
Selecting previously unselected package poppler-utils.
Preparing to unpack .../11-poppler-utils_24.02.0-1ubuntu9.9_amd64.deb ...
Unpacking poppler-utils (24.02.0-1ubuntu9.9) ...
Selecting previously unselected package t1utils.
Preparing to unpack .../12-t1utils_1.41-4build3_amd64.deb ...
Unpacking t1utils (1.41-4build3) ...
Selecting previously unselected package tex-common.
Preparing to unpack .../13-tex-common_6.18_all.deb ...
Unpacking tex-common (6.18) ...
Selecting previously unselected package texlive-binaries.
Preparing to unpack .../14-texlive-binaries_2023.20230311.66589-9build3_amd64.deb ...
Unpacking texlive-binaries (2023.20230311.66589-9build3) ...
Selecting previously unselected package xdg-utils.
Preparing to unpack .../15-xdg-utils_1.1.3-4.1ubuntu3_all.deb ...
Unpacking xdg-utils (1.1.3-4.1ubuntu3) ...
Selecting previously unselected package texlive-base.
Preparing to unpack .../16-texlive-base_2023.20240207-1_all.deb ...
Unpacking texlive-base (2023.20240207-1) ...
Selecting previously unselected package texlive-fonts-recommended.
Preparing to unpack .../17-texlive-fonts-recommended_2023.20240207-1_all.deb ...
Unpacking texlive-fonts-recommended (2023.20240207-1) ...
Selecting previously unselected package texlive-latex-base.
Preparing to unpack .../18-texlive-latex-base_2023.20240207-1_all.deb ...
Unpacking texlive-latex-base (2023.20240207-1) ...
Selecting previously unselected package texlive-latex-recommended.
Preparing to unpack .../19-texlive-latex-recommended_2023.20240207-1_all.deb ...
Unpacking texlive-latex-recommended (2023.20240207-1) ...
Selecting previously unselected package texlive-pictures.
Preparing to unpack .../20-texlive-pictures_2023.20240207-1_all.deb ...
Unpacking texlive-pictures (2023.20240207-1) ...
Setting up libpaper1:amd64 (1.1.29build1) ...

Creating config file /etc/papersize with new version
Setting up libpoppler134:amd64 (24.02.0-1ubuntu9.9) ...
Setting up libpaper-utils (1.1.29build1) ...
Setting up tex-common (6.18) ...
update-language: texlive-base not installed and configured, doing nothing!
Setting up libzzip-0-13t64:amd64 (0.13.72+dfsg.1-1.2build1) ...
Setting up libteckit0:amd64 (2.5.12+ds1-1) ...
Setting up t1utils (1.41-4build3) ...
Setting up libtexlua53-5:amd64 (2023.20230311.66589-9build3) ...
Setting up libkpathsea6:amd64 (2023.20230311.66589-9build3) ...
Setting up fonts-lmodern (2.005-1) ...
Setting up poppler-utils (24.02.0-1ubuntu9.9) ...
Setting up xdg-utils (1.1.3-4.1ubuntu3) ...
update-alternatives: using /usr/bin/xdg-open to provide /usr/bin/open (open) in auto mode
update-alternatives: warning: skip creation of /usr/share/man/man1/open.1.gz because associated file /usr/share/man/man1/xdg-open.1.gz (of link group open) doesn't exist
Setting up libsynctex2:amd64 (2023.20230311.66589-9build3) ...
Setting up libpotrace0:amd64 (1.16-2build1) ...
Setting up libptexenc1:amd64 (2023.20230311.66589-9build3) ...
Setting up texlive-binaries (2023.20230311.66589-9build3) ...
update-alternatives: using /usr/bin/xdvi-xaw to provide /usr/bin/xdvi.bin (xdvi.bin) in auto mode
update-alternatives: using /usr/bin/bibtex.original to provide /usr/bin/bibtex (bibtex) in auto mode
update-alternatives: warning: skip creation of /usr/share/man/man1/bibtex.1.gz because associated file /usr/share/man/man1/bibtex.original.1.gz (of link group bibtex) doesn't exist
Setting up texlive-base (2023.20240207-1) ...
tl-paper: setting paper size for dvips to a4: /var/lib/texmf/dvips/config/config-paper.ps
tl-paper: setting paper size for dvipdfmx to a4: /var/lib/texmf/dvipdfmx/dvipdfmx-paper.cfg
tl-paper: setting paper size for xdvi to a4: /var/lib/texmf/xdvi/XDvi-paper
tl-paper: setting paper size for pdftex to a4: /var/lib/texmf/tex/generic/tex-ini-files/pdftexconfig.tex
Setting up texlive-latex-base (2023.20240207-1) ...
Setting up texlive-latex-recommended (2023.20240207-1) ...
Setting up texlive-pictures (2023.20240207-1) ...
Setting up texlive-fonts-recommended (2023.20240207-1) ...
Processing triggers for libc-bin (2.39-0ubuntu8.7) ...
Processing triggers for fontconfig (2.15.0-1.1ubuntu2) ...
Processing triggers for tex-common (6.18) ...
Running updmap-sys. This may take some time... done.
Running mktexlsr /var/lib/texmf ... done.
Building format(s) --all.
	This may take some time... done.

--- stderr ---
debconf: delaying package configuration, since apt-utils is not installed
